   Compiling vaultwarden-cli v0.5.4 (/home/sixtocantolla/sessions/day-to-day/vaultwarden-contain-protected-child-processes)
warning: unused variable: `parent`
   --> src/adapters/supervisor/bridge.rs:779:28
    |
779 | unsafe fn arm_parent_death(parent: libc::pid_t) -> bool {
    |                            ^^^^^^ help: if this is intentional, prefix it with an underscore: `_parent`
    |
    = note: `#[warn(unused_variables)]` (part of `#[warn(unused)]`) on by default

warning: `vaultwarden-cli` (lib test) generated 1 warning (run `cargo fix --lib -p vaultwarden-cli --tests` to apply 1 suggestion)
    Finished `test` profile [unoptimized + debuginfo] target(s) in 11.50s
     Running unittests src/lib.rs (target/debug/deps/vaultwarden_cli-e3f6bc7a555f4483)

running 1 test
test adapters::supervisor::bridge::tests::parent_death_before_and_after_prctl_uses_actual_helper_identity ... FAILED

failures:

---- adapters::supervisor::bridge::tests::parent_death_before_and_after_prctl_uses_actual_helper_identity stdout ----

thread 'adapters::supervisor::bridge::tests::parent_death_before_and_after_prctl_uses_actual_helper_identity' (1264864) panicked at src/adapters/supervisor/bridge.rs:1136:13:
assertion `left == right` failed: before=true
  left: 14
 right: 0
note: run with `RUST_BACKTRACE=1` environment variable to display a backtrace


failures:
    adapters::supervisor::bridge::tests::parent_death_before_and_after_prctl_uses_actual_helper_identity

test result: FAILED. 0 passed; 1 failed; 0 ignored; 0 measured; 555 filtered out; finished in 0.00s

error: test failed, to rerun pass `--lib`
