   Compiling vaultwarden-cli v0.5.4 (/home/sixtocantolla/sessions/day-to-day/vaultwarden-contain-protected-child-processes)
warning: unused variable: `recovered`
   --> src/access/provider_store.rs:337:30
    |
337 |     fn invalidate(&mut self, recovered: bool) -> Result<ProviderState, ProviderError> {
    |                              ^^^^^^^^^ help: if this is intentional, prefix it with an underscore: `_recovered`
    |
    = note: `#[warn(unused_variables)]` (part of `#[warn(unused)]`) on by default

warning: `vaultwarden-cli` (lib test) generated 1 warning (run `cargo fix --lib -p vaultwarden-cli --tests` to apply 1 suggestion)
    Finished `test` profile [unoptimized + debuginfo] target(s) in 11.06s
     Running unittests src/lib.rs (target/debug/deps/vaultwarden_cli-e3f6bc7a555f4483)

running 1 test
test access::direct_request_tests::running_is_observed_before_reaping_and_lock_waits_without_holding_authority ... FAILED

failures:

---- access::direct_request_tests::running_is_observed_before_reaping_and_lock_waits_without_holding_authority stdout ----

thread 'access::direct_request_tests::running_is_observed_before_reaping_and_lock_waits_without_holding_authority' (1256508) panicked at src/access/direct_request_tests.rs:3174:5:
assertion `left == right` failed
  left: Ok(Failed { reason: ExecutionUnavailable })
 right: Ok(Running)
note: run with `RUST_BACKTRACE=1` environment variable to display a backtrace


failures:
    access::direct_request_tests::running_is_observed_before_reaping_and_lock_waits_without_holding_authority

test result: FAILED. 0 passed; 1 failed; 0 ignored; 0 measured; 555 filtered out; finished in 0.35s

error: test failed, to rerun pass `--lib`
