Building for production...
Build complete! (0.23 secs)
/tmp/companion-installer.TZ9sC4g9/race-output/.companion-package.XaHGZ8/build/Approval Companion.app/Contents/Info.plist: OK
/tmp/companion-installer.TZ9sC4g9/race-output/.companion-package.XaHGZ8/build/Approval Companion.app: replacing existing signature
Development bundle: /tmp/companion-installer.TZ9sC4g9/race-output/.companion-package.XaHGZ8/build/Approval Companion.app
Checksumming Protective Master Boot Record (MBR : 0)…
Protective Master Boot Record (MBR :: verified   CRC32 $BCD2DB75
Checksumming GPT Header (Primary GPT Header : 1)…
 GPT Header (Primary GPT Header : 1): verified   CRC32 $3904EDB1
Checksumming GPT Partition Data (Primary GPT Table : 2)…
GPT Partition Data (Primary GPT Tabl: verified   CRC32 $D65D69E6
Checksumming  (Apple_Free : 3)…
                    (Apple_Free : 3): verified   CRC32 $00000000
Checksumming disk image (Apple_HFS : 4)…
          disk image (Apple_HFS : 4): verified   CRC32 $CB1B3374
Checksumming  (Apple_Free : 5)…
                    (Apple_Free : 5): verified   CRC32 $00000000
Checksumming GPT Partition Data (Backup GPT Table : 6)…
GPT Partition Data (Backup GPT Table: verified   CRC32 $D65D69E6
Checksumming GPT Header (Backup GPT Header : 7)…
  GPT Header (Backup GPT Header : 7): verified   CRC32 $0B60BA28
verified   CRC32 $638F94E7
hdiutil: verify: checksum of "/tmp/companion-installer.TZ9sC4g9/race-output/.companion-package.XaHGZ8/Approval-Companion-0.1.0-1-arm64.dmg" is VALID
