    Checking vaultwarden-cli v0.5.4 (/home/sixtocantolla/sessions/day-to-day/vaultwarden-contain-protected-child-processes)
error: `map_err(|_|...` wildcard pattern discards the original error
  --> tests/systemd_supervisor.rs:18:46
   |
18 |     String::from_utf8(output.stdout).map_err(|_| "observer output was not UTF-8".into())
   |                                              ^^^
   |
   = help: consider storing the original error as a source in the new error, or silence this warning using an ignored identifier (`.map_err(|_foo| ...`)
   = help: for further information visit https://rust-lang.github.io/rust-clippy/rust-1.98.0/index.html#map_err_ignore
   = note: requested on the command line with `-D clippy::map-err-ignore`

error: could not compile `vaultwarden-cli` (test "systemd_supervisor") due to 1 previous error
warning: build failed, waiting for other jobs to finish...
error: this expression creates a reference which is immediately dereferenced by the compiler
   --> src/adapters/supervisor/real_tests.rs:515:12
    |
515 |     finish(&root, b"application-verified");
    |            ^^^^^ help: change this to: `root`
    |
    = help: for further information visit https://rust-lang.github.io/rust-clippy/rust-1.98.0/index.html#needless_borrow
    = note: `-D clippy::needless-borrow` implied by `-D warnings`
    = help: to override `-D warnings` add `#[allow(clippy::needless_borrow)]`

error: could not compile `vaultwarden-cli` (lib test) due to 1 previous error
