
running 366 tests
....................................................................................... 87/366
....................................................................................... 174/366
....................................................................................... 261/366
....................................................................................... 348/366
..................
test result: ok. 366 passed; 0 failed; 0 ignored; 0 measured; 0 filtered out; finished in 52.13s


running 3 tests
...
test result: ok. 3 passed; 0 failed; 0 ignored; 0 measured; 0 filtered out; finished in 0.14s


running 34 tests
..................................
test result: ok. 34 passed; 0 failed; 0 ignored; 0 measured; 0 filtered out; finished in 0.78s


running 21 tests
.....................
test result: ok. 21 passed; 0 failed; 0 ignored; 0 measured; 0 filtered out; finished in 0.24s


running 10 tests
..........
test result: ok. 10 passed; 0 failed; 0 ignored; 0 measured; 0 filtered out; finished in 0.05s


running 31 tests
...............................
test result: ok. 31 passed; 0 failed; 0 ignored; 0 measured; 0 filtered out; finished in 28.50s


running 21 tests
.....................
test result: ok. 21 passed; 0 failed; 0 ignored; 0 measured; 0 filtered out; finished in 0.02s


running 22 tests
......................
test result: ok. 22 passed; 0 failed; 0 ignored; 0 measured; 0 filtered out; finished in 5.28s


running 71 tests
.......................................................................
test result: ok. 71 passed; 0 failed; 0 ignored; 0 measured; 0 filtered out; finished in 0.02s


running 1 test
.
test result: ok. 1 passed; 0 failed; 0 ignored; 0 measured; 0 filtered out; finished in 0.00s


running 6 tests
......
test result: ok. 6 passed; 0 failed; 0 ignored; 0 measured; 0 filtered out; finished in 6.35s


running 23 tests
.......................
test result: ok. 23 passed; 0 failed; 0 ignored; 0 measured; 0 filtered out; finished in 0.07s

Testing command parsing matrix
Success

Testing filter search small
Success

Testing filter search medium
Success

Testing filter search large
Success

Testing import sync json small
Success

Testing export output json small
Success

Testing export env small
Success

Testing import sync json medium
Success

Testing export output json medium
Success

Testing export env medium
Success

Testing import sync json large
Success

Testing export output json large
Success

Testing export env large
Success
