   Compiling vaultwarden-cli v0.5.4 (/tmp/vw-story14-manual-review-w6onabqc)
warning: unused variable: `args`
   --> src/bin/vaultwarden-accessd.rs:121:5
    |
121 |     args: &Args,
    |     ^^^^ help: if this is intentional, prefix it with an underscore: `_args`
    |
    = note: `#[warn(unused_variables)]` (part of `#[warn(unused)]`) on by default

warning: `vaultwarden-cli` (bin "vaultwarden-accessd" test) generated 1 warning (run `cargo fix --bin "vaultwarden-accessd" -p vaultwarden-cli --tests` to apply 1 suggestion)
    Finished `test` profile [unoptimized + debuginfo] target(s) in 3.14s
     Running unittests src/bin/vaultwarden-accessd.rs (target/debug/deps/vaultwarden_accessd-770ea5ad8284e744)

running 1 test

thread 'tests::configured_request_lifetime_controls_receipt_and_expiry' (2834630) panicked at src/bin/vaultwarden-accessd.rs:616:9:
assertion `left == right` failed
  left: 10300
 right: 10007
note: run with `RUST_BACKTRACE=1` environment variable to display a backtrace
test tests::configured_request_lifetime_controls_receipt_and_expiry ... FAILED

failures:

failures:
    tests::configured_request_lifetime_controls_receipt_and_expiry

test result: FAILED. 0 passed; 1 failed; 0 ignored; 0 measured; 8 filtered out; finished in 0.46s

error: test failed, to rerun pass `--bin vaultwarden-accessd`
