   Compiling vaultwarden-cli v0.5.4 (/tmp/vw-story14-manual-review-w6onabqc)
warning: variable does not need to be mutable
   --> src/adapters/loopback_ui.rs:111:13
    |
111 |         let mut pending = self.pending.lock().ok()?;
    |             ----^^^^^^^
    |             |
    |             help: remove this `mut`
    |
    = note: `#[warn(unused_mut)]` (part of `#[warn(unused)]`) on by default

warning: `vaultwarden-cli` (lib test) generated 1 warning (run `cargo fix --lib -p vaultwarden-cli --tests` to apply 1 suggestion)
    Finished `test` profile [unoptimized + debuginfo] target(s) in 10.78s
     Running unittests src/lib.rs (target/debug/deps/vaultwarden_cli-bb956f24ffd0a3e7)

running 1 test

thread 'adapters::loopback_ui::tests::request_handoff_is_private_one_use_and_launcher_gets_only_artifact' (2798740) panicked at src/adapters/loopback_ui.rs:1009:9:
assertion failed: broker.take(capability.as_bytes()).is_none()
note: run with `RUST_BACKTRACE=1` environment variable to display a backtrace
test adapters::loopback_ui::tests::request_handoff_is_private_one_use_and_launcher_gets_only_artifact ... FAILED

failures:

failures:
    adapters::loopback_ui::tests::request_handoff_is_private_one_use_and_launcher_gets_only_artifact

test result: FAILED. 0 passed; 1 failed; 0 ignored; 0 measured; 431 filtered out; finished in 0.02s

error: test failed, to rerun pass `--lib`
