   Compiling vaultwarden-cli v0.5.4 (/home/sixtocantolla/sessions/day-to-day/vaultwarden-contain-protected-child-processes)
warning: field `owner` is never read
  --> src/access/application.rs:46:5
   |
44 | struct ApplicationExecution<'a> {
   |        -------------------- field in this struct
45 |     app: &'a ProviderApplication,
46 |     owner: AuthenticatedHuman,
   |     ^^^^^
   |
   = note: `#[warn(dead_code)]` (part of `#[warn(unused)]`) on by default

warning: `vaultwarden-cli` (lib test) generated 1 warning
    Finished `test` profile [unoptimized + debuginfo] target(s) in 11.38s
     Running unittests src/lib.rs (target/debug/deps/vaultwarden_cli-e3f6bc7a555f4483)

running 1 test
test access::direct_request_tests::final_release_revalidates_authority_after_supervisor_setup ... FAILED

failures:

---- access::direct_request_tests::final_release_revalidates_authority_after_supervisor_setup stdout ----

thread 'access::direct_request_tests::final_release_revalidates_authority_after_supervisor_setup' (1472724) panicked at src/access/direct_request_tests.rs:3321:13:
assertion `left == right` failed
  left: Ok(())
 right: Err(Cancelled)
note: run with `RUST_BACKTRACE=1` environment variable to display a backtrace


failures:
    access::direct_request_tests::final_release_revalidates_authority_after_supervisor_setup

test result: FAILED. 0 passed; 1 failed; 0 ignored; 0 measured; 557 filtered out; finished in 0.29s

error: test failed, to rerun pass `--lib`
