   Compiling vaultwarden-cli v0.5.4 (/home/sixtocantolla/sessions/day-to-day/vaultwarden-contain-protected-child-processes)
    Finished `dev` profile [unoptimized + debuginfo] target(s) in 6.22s
    Finished `test` profile [unoptimized + debuginfo] target(s) in 0.87s
   Compiling vaultwarden-cli v0.5.4 (/home/sixtocantolla/sessions/day-to-day/vaultwarden-contain-protected-child-processes)
    Finished `test` profile [unoptimized + debuginfo] target(s) in 11.76s
     Running tests/systemd_supervisor.rs (target/debug/deps/systemd_supervisor-48ba7792a1e4a7c1)

running 1 test
real-manager scenario: exit
real-manager scenario: orphan
real-manager scenario: cancel
real-manager scenario: crash
real-manager scenario: collision
real-manager scenario: helper-failure
real-manager scenario: app-exit
real-manager scenario: app-lock
real-manager scenario: app-cancel
real-manager scenario: app-revoke
real-manager scenario: app-shutdown
real-manager scenario: app-deadline
real-manager scenario: app-persistence
real-manager scenario: phase-job
real-manager scenario: phase-helper
real-manager scenario: phase-transfer
real-manager scenario: phase-release
real-manager scenario: phase-exit
real-manager scenario: fault-missing
real-manager scenario: fault-job
real-manager scenario: fault-monitor
real-manager scenario: fault-stop
test independent_descendants_provider_crash_and_recovery ... ok

test result: ok. 1 passed; 0 failed; 0 ignored; 0 measured; 0 filtered out; finished in 44.08s
