COMMAND ["env", "RUST_TEST_THREADS=4", "rustup", "run", "1.88.0", "cargo", "test", "--all-targets", "--offline", "--locked"]
   Compiling proc-macro2 v1.0.107
   Compiling quote v1.0.47
   Compiling unicode-ident v1.0.24
   Compiling libc v0.2.189
   Compiling cfg-if v1.0.4
   Compiling typenum v1.20.1
   Compiling shlex v2.0.1
   Compiling find-msvc-tools v0.1.11
   Compiling memchr v2.8.3
   Compiling pin-project-lite v0.2.17
   Compiling cc v1.4.4
   Compiling getrandom v0.4.3
   Compiling rand_core v0.10.1
   Compiling autocfg v1.5.1
   Compiling version_check v0.9.5
   Compiling futures-core v0.3.34
   Compiling bytes v1.12.1
   Compiling generic-array v0.14.7
   Compiling num-traits v0.2.19
   Compiling stable_deref_trait v1.2.1
   Compiling itoa v1.0.18
   Compiling once_cell v1.21.4
   Compiling hybrid-array v0.4.14
   Compiling futures-sink v0.3.34
   Compiling syn v2.0.119
   Compiling syn v3.0.4
   Compiling subtle v2.6.1
   Compiling slab v0.4.12
   Compiling const-oid v0.10.2
   Compiling crypto-common v0.1.7
   Compiling errno v0.3.14
   Compiling mio v1.2.2
   Compiling signal-hook-registry v1.4.8
   Compiling socket2 v0.6.5
   Compiling crypto-common v0.2.2
   Compiling futures-channel v0.3.34
   Compiling equivalent v1.0.2
   Compiling regex-syntax v0.8.11
   Compiling hashbrown v0.17.1
   Compiling cmov v0.5.4
   Compiling serde_core v1.0.229
   Compiling ctutils v0.4.2
   Compiling futures-io v0.3.34
   Compiling futures-task v0.3.34
   Compiling smallvec v1.15.2
   Compiling litemap v0.8.3
   Compiling indexmap v2.14.0
   Compiling writeable v0.6.4
   Compiling ring v0.17.14
   Compiling http v1.5.0
   Compiling icu_properties_data v2.3.0
   Compiling serde v1.0.229
   Compiling icu_normalizer_data v2.3.0
   Compiling utf8_iter v1.0.4
   Compiling semver v1.0.28
   Compiling block-buffer v0.12.1
   Compiling rustc_version v0.4.1
   Compiling block-buffer v0.10.4
   Compiling percent-encoding v2.3.2
   Compiling zmij v1.0.23
   Compiling digest v0.10.7
   Compiling digest v0.11.3
   Compiling http-body v1.1.0
   Compiling getrandom v0.2.17
   Compiling tracing-core v0.1.36
   Compiling aho-corasick v1.1.5
   Compiling serde_json v1.0.151
   Compiling untrusted v0.9.0
   Compiling httparse v1.10.1
   Compiling cpufeatures v0.3.0
   Compiling tracing v0.1.44
   Compiling num-integer v0.1.47
   Compiling block-padding v0.3.3
   Compiling synstructure v0.13.2
   Compiling fnv v1.0.7
   Compiling pkg-config v0.3.34
   Compiling rustls v0.23.45
   Compiling atomic-waker v1.1.2
   Compiling regex-automata v0.4.18
   Compiling cpufeatures v0.2.17
   Compiling tower-service v0.3.3
   Compiling base64ct v1.8.3
   Compiling try-lock v0.2.5
   Compiling anstyle v1.0.14
   Compiling pem-rfc7468 v1.0.0
   Compiling want v0.3.1
   Compiling libdbus-sys v0.2.7
   Compiling inout v0.1.4
   Compiling zerovec-derive v0.11.6
   Compiling tokio-macros v2.7.2
   Compiling displaydoc v0.2.7
   Compiling futures-macro v0.3.34
   Compiling zeroize_derive v1.5.0
   Compiling zerofrom-derive v0.1.7
   Compiling yoke-derive v0.8.2
   Compiling serde_derive v1.0.229
   Compiling tokio v1.53.1
   Compiling form_urlencoded v1.2.2
   Compiling futures-util v0.3.34
   Compiling zeroize v1.9.0
   Compiling bitflags v2.13.1
   Compiling rustls-pki-types v1.15.1
   Compiling httpdate v1.0.3
   Compiling utf8parse v0.2.2
   Compiling log v0.4.34
   Compiling rustls-webpki v0.103.15
   Compiling anstyle-parse v1.0.0
   Compiling regex v1.13.1
   Compiling der v0.8.1
   Compiling zerofrom v0.1.8
   Compiling yoke v0.8.3
   Compiling zerovec v0.11.8
   Compiling tinystr v0.8.4
   Compiling potential_utf v0.1.6
   Compiling icu_locale_core v2.3.0
   Compiling zerotrie v0.2.5
   Compiling icu_collections v2.3.0
   Compiling icu_provider v2.3.1
   Compiling cipher v0.4.4
   Compiling num-bigint v0.4.8
   Compiling icu_properties v2.3.0
   Compiling icu_normalizer v2.3.0
   Compiling block-padding v0.4.2
   Compiling base64 v0.22.1
   Compiling is_terminal_polyfill v1.70.2
   Compiling ipnet v2.12.1
   Compiling colorchoice v1.0.5
   Compiling cpubits v0.1.1
   Compiling rustix v1.1.4
   Compiling tokio-util v0.7.19
   Compiling anstyle-query v1.1.5
   Compiling anstream v1.0.0
   Compiling num-rational v0.4.2
   Compiling h2 v0.4.19
   Compiling idna_adapter v1.2.2
   Compiling idna v1.1.0
   Compiling inout v0.2.2
   Compiling spki v0.8.0
   Compiling sha2 v0.10.9
   Compiling num-iter v0.1.46
   Compiling hmac v0.12.1
   Compiling url v2.5.8
   Compiling curve25519-dalek v4.1.3
   Compiling num-complex v0.4.6
   Compiling sync_wrapper v1.0.2
   Compiling openssl-probe v0.2.1
   Compiling fastrand v2.5.0
   Compiling tower-layer v0.3.3
   Compiling clap_lex v1.1.0
   Compiling strsim v0.11.1
   Compiling heck v0.5.0
   Compiling linux-raw-sys v0.12.1
   Compiling clap_builder v4.6.6
   Compiling clap_derive v4.6.4
   Compiling num v0.4.3
   Compiling tower v0.5.3
   Compiling rustls-native-certs v0.8.4
   Compiling hkdf v0.12.4
   Compiling cipher v0.5.2
   Compiling tokio-rustls v0.26.4
   Compiling dbus v0.9.12
   Compiling crypto-bigint v0.7.5
   Compiling cbc v0.1.2
   Compiling aes v0.8.4
   Compiling hyper v1.11.0
   Compiling curve25519-dalek-derive v0.1.1
   Compiling sha2 v0.11.0
   Compiling http-body-util v0.1.5
   Compiling hmac v0.13.0
   Compiling option-ext v0.2.0
   Compiling getrandom v0.3.4
   Compiling anyhow v1.0.104
   Compiling signature v2.2.0
   Compiling thiserror v2.0.20
   Compiling hyper-util v0.1.20
   Compiling ryu v1.0.23
   Compiling serde_urlencoded v0.7.1
   Compiling dbus-secret-service v4.1.0
   Compiling ed25519 v2.2.3
   Compiling dirs-sys v0.5.0
   Compiling clap v4.6.6
   Compiling tower-http v0.6.11
   Compiling rustls-platform-verifier v0.7.0
   Compiling pkcs1 v0.8.0-rc.4
   Compiling pkcs8 v0.11.0
   Compiling keyring-core v1.0.0
   Compiling crypto-primes v0.7.2
   Compiling thiserror-impl v2.0.20
   Compiling hyper-rustls v0.27.9
   Compiling sha1 v0.11.0
   Compiling signature v3.0.0
   Compiling rtoolbox v0.0.6
   Compiling zerocopy v0.8.56
   Compiling reqwest v0.13.4
   Compiling rpassword v7.5.4
   Compiling ed25519-dalek v2.2.0
   Compiling dbus-secret-service-keyring-store v1.0.1
   Compiling directories v6.0.0
   Compiling pbkdf2 v0.13.0
   Compiling hkdf v0.13.0
   Compiling fs4 v1.1.0
   Compiling cbc v0.2.1
   Compiling aes v0.9.2
   Compiling zerocopy-derive v0.8.56
   Compiling winnow v1.0.4
   Compiling base64 v0.23.1
   Compiling toml_datetime v1.1.1+spec-1.1.0
   Compiling rsa v0.10.0-rc.18
   Compiling rstest_macros v0.26.1
   Compiling alloca v0.4.0
   Compiling predicates-core v1.0.10
   Compiling ciborium-io v0.2.2
   Compiling either v1.18.0
   Compiling futures-executor v0.3.34
   Compiling itertools v0.13.0
   Compiling float-cmp v0.10.0
   Compiling num_cpus v1.17.0
   Compiling assert_cmd v2.2.2
   Compiling toml_parser v1.1.3+spec-1.1.0
   Compiling vaultwarden-cli v0.5.4 (/home/sixtocantolla/sessions/day-to-day/vaultwarden-contain-protected-child-processes)
   Compiling deadpool-runtime v0.1.4
   Compiling same-file v1.0.6
   Compiling lazy_static v1.5.0
   Compiling difflib v0.4.0
   Compiling toml_edit v0.25.13+spec-1.1.0
   Compiling cast v0.3.0
   Compiling relative-path v1.9.3
   Compiling normalize-line-endings v0.3.0
   Compiling termtree v0.5.1
   Compiling glob v0.3.4
   Compiling proc-macro-crate v3.5.0
   Compiling predicates-tree v1.0.13
   Compiling predicates v3.1.4
   Compiling criterion-plot v0.8.2
   Compiling deadpool v0.12.3
   Compiling walkdir v2.5.0
   Compiling futures v0.3.34
   Compiling tokio-stream v0.1.19
   Compiling assert-json-diff v2.0.2
   Compiling tinytemplate v1.2.1
   Compiling bstr v1.13.1
   Compiling chacha20 v0.10.1
   Compiling wait-timeout v0.2.1
   Compiling page_size v0.6.0
   Compiling futures-timer v3.0.4
   Compiling oorandom v11.1.5
   Compiling anes v0.1.6
   Compiling rand v0.10.2
   Compiling tokio-test v0.4.5
   Compiling wiremock v0.6.5
   Compiling tempfile v3.27.0
   Compiling half v2.7.1
   Compiling ciborium-ll v0.2.2
   Compiling ciborium v0.2.2
   Compiling criterion v0.8.2
   Compiling rstest v0.26.1
