   Compiling vaultwarden-cli v0.5.4 (/home/sixtocantolla/sessions/day-to-day/vaultwarden-contain-protected-child-processes)
warning: unused variable: `unit`
   --> src/adapters/supervisor/manager.rs:331:40
    |
331 |     fn observe(&mut self, job: String, unit: &str, result: String) {
    |                                        ^^^^ help: if this is intentional, prefix it with an underscore: `_unit`
    |
    = note: `#[warn(unused_variables)]` (part of `#[warn(unused)]`) on by default

warning: field `unit` is never read
   --> src/adapters/supervisor/manager.rs:327:5
    |
326 | struct JobObservation {
    |        -------------- field in this struct
327 |     unit: String,
    |     ^^^^
    |
    = note: `#[warn(dead_code)]` (part of `#[warn(unused)]`) on by default

warning: `vaultwarden-cli` (lib test) generated 2 warnings (run `cargo fix --lib -p vaultwarden-cli --tests` to apply 1 suggestion)
    Finished `test` profile [unoptimized + debuginfo] target(s) in 9.95s
     Running unittests src/lib.rs (target/debug/deps/vaultwarden_cli-e3f6bc7a555f4483)

running 1 test
test adapters::supervisor::manager::tests::job_observation_discards_unrelated_churn ... FAILED

failures:

---- adapters::supervisor::manager::tests::job_observation_discards_unrelated_churn stdout ----

thread 'adapters::supervisor::manager::tests::job_observation_discards_unrelated_churn' (2180167) panicked at src/adapters/supervisor/manager.rs:1008:9:
assertion failed: jobs.result.is_none()
note: run with `RUST_BACKTRACE=1` environment variable to display a backtrace


failures:
    adapters::supervisor::manager::tests::job_observation_discards_unrelated_churn

test result: FAILED. 0 passed; 1 failed; 0 ignored; 0 measured; 561 filtered out; finished in 0.00s

error: test failed, to rerun pass `--lib`
