   Compiling vaultwarden-cli v0.5.4 (/home/sixtocantolla/sessions/day-to-day/vaultwarden-contain-protected-child-processes)
warning: variable does not need to be mutable
  --> src/adapters/supervisor/manager.rs:93:9
   |
93 |     let mut names: BTreeSet<String> = HELPER_UNSET.iter().map(|s| (*s).to_owned()).collect();
   |         ----^^^^^
   |         |
   |         help: remove this `mut`
   |
   = note: `#[warn(unused_mut)]` (part of `#[warn(unused)]`) on by default

warning: `vaultwarden-cli` (lib test) generated 1 warning (run `cargo fix --lib -p vaultwarden-cli --tests` to apply 1 suggestion)
    Finished `test` profile [unoptimized + debuginfo] target(s) in 12.46s
     Running unittests src/lib.rs (target/debug/deps/vaultwarden_cli-e3f6bc7a555f4483)

running 1 test
test adapters::supervisor::manager::tests::helper_environment_is_name_only_complete_and_recovery_stable ... FAILED

failures:

---- adapters::supervisor::manager::tests::helper_environment_is_name_only_complete_and_recovery_stable stdout ----

thread 'adapters::supervisor::manager::tests::helper_environment_is_name_only_complete_and_recovery_stable' (2182296) panicked at src/adapters/supervisor/manager.rs:951:13:
assertion failed: names.iter().any(|value| value == name)
note: run with `RUST_BACKTRACE=1` environment variable to display a backtrace


failures:
    adapters::supervisor::manager::tests::helper_environment_is_name_only_complete_and_recovery_stable

test result: FAILED. 0 passed; 1 failed; 0 ignored; 0 measured; 561 filtered out; finished in 0.00s

error: test failed, to rerun pass `--lib`
