   Compiling vaultwarden-cli v0.5.4 (/home/sixtocantolla/sessions/day-to-day/vaultwarden-contain-protected-child-processes)
    Finished `dev` profile [unoptimized + debuginfo] target(s) in 5.94s
   Compiling vaultwarden-cli v0.5.4 (/home/sixtocantolla/sessions/day-to-day/vaultwarden-contain-protected-child-processes)
    Finished `test` profile [unoptimized + debuginfo] target(s) in 13.45s
   Compiling vaultwarden-cli v0.5.4 (/home/sixtocantolla/sessions/day-to-day/vaultwarden-contain-protected-child-processes)
    Finished `test` profile [unoptimized + debuginfo] target(s) in 11.21s
     Running tests/systemd_supervisor.rs (target/debug/deps/systemd_supervisor-48ba7792a1e4a7c1)

running 2 tests
real-manager scenario: app-worker-exit

thread 'assertion_unwind_reaps_exact_resources_and_preserves_unrelated' (2213233) panicked at tests/systemd_supervisor.rs:549:9:
injected scenario assertion failure
note: run with `RUST_BACKTRACE=1` environment variable to display a backtrace
test assertion_unwind_reaps_exact_resources_and_preserves_unrelated ... ok

thread 'independent_descendants_provider_crash_and_recovery' (2213234) panicked at tests/systemd_supervisor.rs:229:9:
real-manager barrier deadline; stage=Ok("recovered")
test independent_descendants_provider_crash_and_recovery ... FAILED

failures:

failures:
    independent_descendants_provider_crash_and_recovery

test result: FAILED. 1 passed; 1 failed; 0 ignored; 0 measured; 1 filtered out; finished in 40.23s

error: test failed, to rerun pass `--test systemd_supervisor`
