
*** baseline

*** /home/sixtocantolla/.rustup/toolchains/stable-x86_64-unknown-linux-gnu/bin/cargo test --no-run --verbose --package=vaultwarden-cli@0.5.4 --offline --locked
       Fresh unicode-ident v1.0.24
       Fresh cfg-if v1.0.4
       Fresh typenum v1.20.1
       Fresh shlex v2.0.1
       Fresh find-msvc-tools v0.1.11
       Fresh proc-macro2 v1.0.107
       Fresh cc v1.4.4
       Fresh pin-project-lite v0.2.17
       Fresh version_check v0.9.5
       Fresh rand_core v0.10.1
       Fresh futures-core v0.3.34
       Fresh quote v1.0.47
       Fresh libc v0.2.189
       Fresh autocfg v1.5.1
       Fresh bytes v1.12.1
       Fresh stable_deref_trait v1.2.1
       Fresh hybrid-array v0.4.14
       Fresh itoa v1.0.18
       Fresh syn v2.0.119
       Fresh syn v3.0.4
       Fresh getrandom v0.4.3
       Fresh errno v0.3.14
       Fresh socket2 v0.6.5
       Fresh mio v1.2.2
       Fresh once_cell v1.21.4
       Fresh zeroize_derive v1.5.0
       Fresh synstructure v0.13.2
       Fresh generic-array v0.14.7
       Fresh signal-hook-registry v1.4.8
       Fresh zerovec-derive v0.11.6
       Fresh tokio-macros v2.7.2
       Fresh futures-sink v0.3.34
       Fresh displaydoc v0.2.7
       Fresh zeroize v1.9.0
       Fresh zerofrom-derive v0.1.7
       Fresh yoke-derive v0.8.2
       Fresh num-traits v0.2.19
       Fresh tokio v1.53.1
       Fresh subtle v2.6.1
       Fresh slab v0.4.12
       Fresh const-oid v0.10.2
       Fresh crypto-common v0.1.7
       Fresh zerofrom v0.1.8
       Fresh futures-channel v0.3.34
       Fresh crypto-common v0.2.2
       Fresh equivalent v1.0.2
       Fresh regex-syntax v0.8.11
       Fresh cmov v0.5.4
       Fresh hashbrown v0.17.1
       Fresh futures-macro v0.3.34
       Fresh yoke v0.8.3
       Fresh indexmap v2.14.0
       Fresh ctutils v0.4.2
       Fresh futures-task v0.3.34
       Fresh litemap v0.8.3
       Fresh writeable v0.6.4
       Fresh futures-io v0.3.34
       Fresh smallvec v1.15.2
       Fresh zerovec v0.11.8
       Fresh futures-util v0.3.34
       Fresh zerotrie v0.2.5
       Fresh serde_core v1.0.229
       Fresh http v1.5.0
       Fresh utf8_iter v1.0.4
       Fresh tinystr v0.8.4
       Fresh potential_utf v0.1.6
       Fresh semver v1.0.28
       Fresh block-buffer v0.10.4
       Fresh serde_derive v1.0.229
       Fresh icu_locale_core v2.3.0
       Fresh rustc_version v0.4.1
       Fresh icu_collections v2.3.0
       Fresh block-buffer v0.12.1
       Fresh percent-encoding v2.3.2
       Fresh digest v0.10.7
       Fresh icu_properties_data v2.3.0
       Fresh icu_provider v2.3.1
       Fresh digest v0.11.3
       Fresh icu_normalizer_data v2.3.0
       Fresh serde v1.0.229
       Fresh http-body v1.1.0
       Fresh rustls-pki-types v1.15.1
       Fresh tracing-core v0.1.36
       Fresh getrandom v0.2.17
       Fresh untrusted v0.9.0
       Fresh cpufeatures v0.3.0
       Fresh icu_properties v2.3.0
       Fresh tracing v0.1.44
       Fresh zmij v1.0.23
       Fresh icu_normalizer v2.3.0
       Fresh ring v0.17.14
       Fresh tokio-util v0.7.19
       Fresh num-integer v0.1.47
       Fresh block-padding v0.3.3
       Fresh atomic-waker v1.1.2
       Fresh anstyle v1.0.14
       Fresh try-lock v0.2.5
       Fresh cpufeatures v0.2.17
       Fresh tower-service v0.3.3
       Fresh base64ct v1.8.3
       Fresh pkg-config v0.3.34
       Fresh fnv v1.0.7
       Fresh httparse v1.10.1
       Fresh pem-rfc7468 v1.0.0
       Fresh want v0.3.1
       Fresh h2 v0.4.19
       Fresh serde_json v1.0.151
       Fresh inout v0.1.4
       Fresh rustls-webpki v0.103.15
       Fresh idna_adapter v1.2.2
       Fresh form_urlencoded v1.2.2
       Fresh utf8parse v0.2.2
       Fresh httpdate v1.0.3
       Fresh bitflags v2.13.1
       Fresh log v0.4.34
       Fresh idna v1.1.0
       Fresh cipher v0.4.4
       Fresh rustls v0.23.45
       Fresh der v0.8.1
       Fresh hyper v1.11.0
       Fresh anstyle-parse v1.0.0
       Fresh num-bigint v0.4.8
       Fresh block-padding v0.4.2
       Fresh colorchoice v1.0.5
       Fresh cpubits v0.1.1
       Fresh base64 v0.22.1
       Fresh ipnet v2.12.1
       Fresh is_terminal_polyfill v1.70.2
       Fresh anstyle-query v1.1.5
       Fresh inout v0.2.2
       Fresh num-rational v0.4.2
       Fresh libdbus-sys v0.2.7
       Fresh url v2.5.8
       Fresh spki v0.8.0
       Fresh anstream v1.0.0
       Fresh hyper-util v0.1.20
       Fresh sha2 v0.10.9
       Fresh num-iter v0.1.46
       Fresh hmac v0.12.1
       Fresh num-complex v0.4.6
       Fresh sync_wrapper v1.0.2
       Fresh openssl-probe v0.2.1
       Fresh clap_lex v1.1.0
       Fresh tower-layer v0.3.3
       Fresh strsim v0.11.1
       Fresh linux-raw-sys v0.12.1
       Fresh fastrand v2.5.0
       Fresh heck v0.5.0
       Fresh hkdf v0.12.4
       Fresh num v0.4.3
       Fresh rustls-native-certs v0.8.4
       Fresh clap_derive v4.6.4
       Fresh clap_builder v4.6.6
       Fresh tower v0.5.3
       Fresh rustix v1.1.4
       Fresh cipher v0.5.2
       Fresh dbus v0.9.12
       Fresh crypto-bigint v0.7.5
       Fresh cbc v0.1.2
       Fresh aes v0.8.4
       Fresh tokio-rustls v0.26.4
       Fresh sha2 v0.11.0
       Fresh hmac v0.13.0
       Fresh http-body-util v0.1.5
       Fresh curve25519-dalek-derive v0.1.1
       Fresh signature v2.2.0
       Fresh ryu v1.0.23
       Fresh option-ext v0.2.0
       Fresh hyper-rustls v0.27.9
       Fresh serde_urlencoded v0.7.1
       Fresh dbus-secret-service v4.1.0
       Fresh curve25519-dalek v4.1.3
       Fresh ed25519 v2.2.3
       Fresh dirs-sys v0.5.0
       Fresh tower-http v0.6.11
       Fresh crypto-primes v0.7.2
       Fresh clap v4.6.6
       Fresh rustls-platform-verifier v0.7.0
       Fresh pkcs8 v0.11.0
       Fresh pkcs1 v0.8.0-rc.4
       Fresh keyring-core v1.0.0
       Fresh sha1 v0.11.0
       Fresh signature v3.0.0
       Fresh thiserror-impl v2.0.20
       Fresh rtoolbox v0.0.6
       Fresh directories v6.0.0
       Fresh getrandom v0.3.4
       Fresh reqwest v0.13.4
       Fresh dbus-secret-service-keyring-store v1.0.1
       Fresh thiserror v2.0.20
       Fresh rsa v0.10.0-rc.18
       Fresh rpassword v7.5.4
       Fresh ed25519-dalek v2.2.0
       Fresh anyhow v1.0.104
       Fresh hkdf v0.13.0
       Fresh pbkdf2 v0.13.0
       Fresh fs4 v1.1.0
       Fresh cbc v0.2.1
       Fresh aes v0.9.2
       Fresh zerocopy-derive v0.8.56
       Fresh winnow v1.0.4
       Fresh base64 v0.23.1
       Fresh memchr v2.8.3
       Fresh toml_datetime v1.1.1+spec-1.1.0
       Fresh zerocopy v0.8.56
       Fresh aho-corasick v1.1.5
       Fresh toml_parser v1.1.3+spec-1.1.0
       Fresh ciborium-io v0.2.2
       Fresh either v1.18.0
       Fresh predicates-core v1.0.10
       Fresh half v2.7.1
       Fresh toml_edit v0.25.13+spec-1.1.0
       Fresh regex-automata v0.4.18
       Fresh itertools v0.13.0
       Fresh futures-executor v0.3.34
       Fresh float-cmp v0.10.0
       Fresh num_cpus v1.17.0
       Fresh proc-macro-crate v3.5.0
       Fresh ciborium-ll v0.2.2
       Fresh regex v1.13.1
       Fresh same-file v1.0.6
       Fresh cast v0.3.0
       Fresh difflib v0.4.0
       Fresh normalize-line-endings v0.3.0
       Fresh lazy_static v1.5.0
       Fresh deadpool-runtime v0.1.4
       Fresh relative-path v1.9.3
       Fresh termtree v0.5.1
       Fresh glob v0.3.4
       Fresh walkdir v2.5.0
       Fresh predicates v3.1.4
       Fresh deadpool v0.12.3
       Fresh criterion-plot v0.8.2
       Fresh ciborium v0.2.2
       Fresh rstest_macros v0.26.1
       Fresh predicates-tree v1.0.13
       Fresh alloca v0.4.0
       Fresh futures v0.3.34
       Fresh tinytemplate v1.2.1
       Fresh assert-json-diff v2.0.2
       Fresh bstr v1.13.1
       Fresh chacha20 v0.10.1
       Fresh tokio-stream v0.1.19
       Fresh wait-timeout v0.2.1
       Fresh page_size v0.6.0
       Fresh futures-timer v3.0.4
       Fresh oorandom v11.1.5
       Fresh anes v0.1.6
       Fresh tokio-test v0.4.5
       Fresh wiremock v0.6.5
       Fresh rand v0.10.2
       Fresh tempfile v3.27.0
       Fresh rstest v0.26.1
       Fresh assert_cmd v2.2.2
       Fresh criterion v0.8.2
       Fresh vaultwarden-cli v0.5.4 (/home/sixtocantolla/sessions/day-to-day/vaultwarden-contain-protected-child-processes)
    Finished `test` profile [unoptimized + debuginfo] target(s) in 0.43s
  Executable `/home/sixtocantolla/sessions/day-to-day/vaultwarden-contain-protected-child-processes/target/debug/deps/vaultwarden_cli-e3f6bc7a555f4483`
  Executable `/home/sixtocantolla/sessions/day-to-day/vaultwarden-contain-protected-child-processes/target/debug/deps/vaultwarden_access_exec-102123d5babec7ce`
  Executable `/home/sixtocantolla/sessions/day-to-day/vaultwarden-contain-protected-child-processes/target/debug/deps/vaultwarden_accessd-d6572c4f4e041d2e`
  Executable `/home/sixtocantolla/sessions/day-to-day/vaultwarden-contain-protected-child-processes/target/debug/deps/vaultwarden_cli-94d5814b7b18fe88`
  Executable `/home/sixtocantolla/sessions/day-to-day/vaultwarden-contain-protected-child-processes/target/debug/deps/vw_access-eb418e62f47a6181`
  Executable `/home/sixtocantolla/sessions/day-to-day/vaultwarden-contain-protected-child-processes/target/debug/deps/api_client-df07a9d59f5ae147`
  Executable `/home/sixtocantolla/sessions/day-to-day/vaultwarden-contain-protected-child-processes/target/debug/deps/cli-a8f8fd1fc521191c`
  Executable `/home/sixtocantolla/sessions/day-to-day/vaultwarden-contain-protected-child-processes/target/debug/deps/command_basic-2ad4ff45127c5ff7`
  Executable `/home/sixtocantolla/sessions/day-to-day/vaultwarden-contain-protected-child-processes/target/debug/deps/config_edge-8610f185e9394813`
  Executable `/home/sixtocantolla/sessions/day-to-day/vaultwarden-contain-protected-child-processes/target/debug/deps/direct_request-2e172f4d8ad3fe55`
  Executable `/home/sixtocantolla/sessions/day-to-day/vaultwarden-contain-protected-child-processes/target/debug/deps/human_cli-56a1bc3000b21e1b`
  Executable `/home/sixtocantolla/sessions/day-to-day/vaultwarden-contain-protected-child-processes/target/debug/deps/integration_tests-d6bce087e80855cc`
  Executable `/home/sixtocantolla/sessions/day-to-day/vaultwarden-contain-protected-child-processes/target/debug/deps/live_tests-2b8522b1d9e7604c`
  Executable `/home/sixtocantolla/sessions/day-to-day/vaultwarden-contain-protected-child-processes/target/debug/deps/msrv_docs-de514cdb569ed842`
  Executable `/home/sixtocantolla/sessions/day-to-day/vaultwarden-contain-protected-child-processes/target/debug/deps/provider_session-2ed0798291b44b6b`
  Executable `/home/sixtocantolla/sessions/day-to-day/vaultwarden-contain-protected-child-processes/target/debug/deps/safety_checks-36a56be4d6246dd1`
  Executable `/home/sixtocantolla/sessions/day-to-day/vaultwarden-contain-protected-child-processes/target/debug/deps/systemd_supervisor-48ba7792a1e4a7c1`
  Executable `/home/sixtocantolla/sessions/day-to-day/vaultwarden-contain-protected-child-processes/target/debug/deps/unsupported_provider_platform-a6e859e4efcddfc3`

*** result: Success

*** /home/sixtocantolla/.rustup/toolchains/stable-x86_64-unknown-linux-gnu/bin/cargo test --verbose --package=vaultwarden-cli@0.5.4 --offline --locked --lib adapters::supervisor::manager::tests
       Fresh unicode-ident v1.0.24
       Fresh cfg-if v1.0.4
       Fresh typenum v1.20.1
       Fresh find-msvc-tools v0.1.11
       Fresh shlex v2.0.1
       Fresh pin-project-lite v0.2.17
       Fresh proc-macro2 v1.0.107
       Fresh cc v1.4.4
       Fresh version_check v0.9.5
       Fresh autocfg v1.5.1
       Fresh futures-core v0.3.34
       Fresh quote v1.0.47
       Fresh libc v0.2.189
       Fresh rand_core v0.10.1
       Fresh bytes v1.12.1
       Fresh stable_deref_trait v1.2.1
       Fresh hybrid-array v0.4.14
       Fresh syn v2.0.119
       Fresh syn v3.0.4
       Fresh getrandom v0.4.3
       Fresh errno v0.3.14
       Fresh itoa v1.0.18
       Fresh mio v1.2.2
       Fresh socket2 v0.6.5
       Fresh zeroize_derive v1.5.0
       Fresh synstructure v0.13.2
       Fresh generic-array v0.14.7
       Fresh num-traits v0.2.19
       Fresh signal-hook-registry v1.4.8
       Fresh zerovec-derive v0.11.6
       Fresh tokio-macros v2.7.2
       Fresh futures-sink v0.3.34
       Fresh once_cell v1.21.4
       Fresh zeroize v1.9.0
       Fresh zerofrom-derive v0.1.7
       Fresh yoke-derive v0.8.2
       Fresh tokio v1.53.1
       Fresh displaydoc v0.2.7
       Fresh subtle v2.6.1
       Fresh slab v0.4.12
       Fresh const-oid v0.10.2
       Fresh crypto-common v0.1.7
       Fresh zerofrom v0.1.8
       Fresh futures-channel v0.3.34
       Fresh crypto-common v0.2.2
       Fresh regex-syntax v0.8.11
       Fresh hashbrown v0.17.1
       Fresh cmov v0.5.4
       Fresh equivalent v1.0.2
       Fresh futures-macro v0.3.34
       Fresh yoke v0.8.3
       Fresh indexmap v2.14.0
       Fresh ctutils v0.4.2
       Fresh smallvec v1.15.2
       Fresh futures-task v0.3.34
       Fresh writeable v0.6.4
       Fresh futures-io v0.3.34
       Fresh litemap v0.8.3
       Fresh zerovec v0.11.8
       Fresh zerotrie v0.2.5
       Fresh serde_core v1.0.229
       Fresh futures-util v0.3.34
       Fresh http v1.5.0
       Fresh tinystr v0.8.4
       Fresh potential_utf v0.1.6
       Fresh semver v1.0.28
       Fresh utf8_iter v1.0.4
       Fresh block-buffer v0.10.4
       Fresh icu_locale_core v2.3.0
       Fresh icu_collections v2.3.0
       Fresh rustc_version v0.4.1
       Fresh serde_derive v1.0.229
       Fresh block-buffer v0.12.1
       Fresh percent-encoding v2.3.2
       Fresh digest v0.10.7
       Fresh icu_properties_data v2.3.0
       Fresh icu_provider v2.3.1
       Fresh digest v0.11.3
       Fresh serde v1.0.229
       Fresh icu_normalizer_data v2.3.0
       Fresh http-body v1.1.0
       Fresh rustls-pki-types v1.15.1
       Fresh tracing-core v0.1.36
       Fresh getrandom v0.2.17
       Fresh cpufeatures v0.3.0
       Fresh untrusted v0.9.0
       Fresh tracing v0.1.44
       Fresh icu_normalizer v2.3.0
       Fresh zmij v1.0.23
       Fresh icu_properties v2.3.0
       Fresh ring v0.17.14
       Fresh tokio-util v0.7.19
       Fresh num-integer v0.1.47
       Fresh block-padding v0.3.3
       Fresh cpufeatures v0.2.17
       Fresh try-lock v0.2.5
       Fresh pkg-config v0.3.34
       Fresh fnv v1.0.7
       Fresh atomic-waker v1.1.2
       Fresh base64ct v1.8.3
       Fresh tower-service v0.3.3
       Fresh anstyle v1.0.14
       Fresh rustls-webpki v0.103.15
       Fresh h2 v0.4.19
       Fresh pem-rfc7468 v1.0.0
       Fresh inout v0.1.4
       Fresh want v0.3.1
       Fresh httparse v1.10.1
       Fresh serde_json v1.0.151
       Fresh idna_adapter v1.2.2
       Fresh form_urlencoded v1.2.2
       Fresh zerocopy-derive v0.8.56
       Fresh utf8parse v0.2.2
       Fresh httpdate v1.0.3
       Fresh winnow v1.0.4
       Fresh bitflags v2.13.1
       Fresh memchr v2.8.3
       Fresh log v0.4.34
       Fresh aho-corasick v1.1.5
       Fresh hyper v1.11.0
       Fresh anstyle-parse v1.0.0
       Fresh toml_parser v1.1.3+spec-1.1.0
       Fresh idna v1.1.0
       Fresh zerocopy v0.8.56
       Fresh cipher v0.4.4
       Fresh der v0.8.1
       Fresh rustls v0.23.45
       Fresh num-bigint v0.4.8
       Fresh block-padding v0.4.2
       Fresh cpubits v0.1.1
       Fresh is_terminal_polyfill v1.70.2
       Fresh toml_datetime v1.1.1+spec-1.1.0
       Fresh colorchoice v1.0.5
       Fresh ipnet v2.12.1
       Fresh anstyle-query v1.1.5
       Fresh base64 v0.22.1
       Fresh toml_edit v0.25.13+spec-1.1.0
       Fresh num-rational v0.4.2
       Fresh inout v0.2.2
       Fresh spki v0.8.0
       Fresh half v2.7.1
       Fresh url v2.5.8
       Fresh hyper-util v0.1.20
       Fresh anstream v1.0.0
       Fresh regex-automata v0.4.18
       Fresh libdbus-sys v0.2.7
       Fresh sha2 v0.10.9
       Fresh num-iter v0.1.46
       Fresh hmac v0.12.1
       Fresh num-complex v0.4.6
       Fresh sync_wrapper v1.0.2
       Fresh openssl-probe v0.2.1
       Fresh tower-layer v0.3.3
       Fresh linux-raw-sys v0.12.1
       Fresh strsim v0.11.1
       Fresh either v1.18.0
       Fresh ciborium-io v0.2.2
       Fresh heck v0.5.0
       Fresh predicates-core v1.0.10
       Fresh clap_lex v1.1.0
       Fresh fastrand v2.5.0
       Fresh tower v0.5.3
       Fresh rustls-native-certs v0.8.4
       Fresh itertools v0.13.0
       Fresh rustix v1.1.4
       Fresh clap_derive v4.6.4
       Fresh clap_builder v4.6.6
       Fresh ciborium-ll v0.2.2
       Fresh num v0.4.3
       Fresh hkdf v0.12.4
       Fresh dbus v0.9.12
       Fresh regex v1.13.1
       Fresh proc-macro-crate v3.5.0
       Fresh cipher v0.5.2
       Fresh tokio-rustls v0.26.4
       Fresh crypto-bigint v0.7.5
       Fresh cbc v0.1.2
       Fresh aes v0.8.4
       Fresh sha2 v0.11.0
       Fresh http-body-util v0.1.5
       Fresh hmac v0.13.0
       Fresh futures-executor v0.3.34
       Fresh float-cmp v0.10.0
       Fresh curve25519-dalek-derive v0.1.1
       Fresh num_cpus v1.17.0
       Fresh difflib v0.4.0
       Fresh normalize-line-endings v0.3.0
       Fresh glob v0.3.4
       Fresh ryu v1.0.23
       Fresh cast v0.3.0
       Fresh lazy_static v1.5.0
       Fresh option-ext v0.2.0
       Fresh termtree v0.5.1
       Fresh relative-path v1.9.3
       Fresh deadpool-runtime v0.1.4
       Fresh signature v2.2.0
       Fresh same-file v1.0.6
       Fresh rstest_macros v0.26.1
       Fresh serde_urlencoded v0.7.1
       Fresh predicates-tree v1.0.13
       Fresh dirs-sys v0.5.0
       Fresh deadpool v0.12.3
       Fresh ed25519 v2.2.3
       Fresh walkdir v2.5.0
       Fresh criterion-plot v0.8.2
       Fresh curve25519-dalek v4.1.3
       Fresh futures v0.3.34
       Fresh predicates v3.1.4
       Fresh crypto-primes v0.7.2
       Fresh hyper-rustls v0.27.9
       Fresh dbus-secret-service v4.1.0
       Fresh alloca v0.4.0
       Fresh ciborium v0.2.2
       Fresh clap v4.6.6
       Fresh rustls-platform-verifier v0.7.0
       Fresh tower-http v0.6.11
       Fresh pkcs1 v0.8.0-rc.4
       Fresh pkcs8 v0.11.0
       Fresh keyring-core v1.0.0
       Fresh tinytemplate v1.2.1
       Fresh assert-json-diff v2.0.2
       Fresh bstr v1.13.1
       Fresh sha1 v0.11.0
       Fresh chacha20 v0.10.1
       Fresh signature v3.0.0
       Fresh tokio-stream v0.1.19
       Fresh thiserror-impl v2.0.20
       Fresh page_size v0.6.0
       Fresh rtoolbox v0.0.6
       Fresh wait-timeout v0.2.1
       Fresh anes v0.1.6
       Fresh futures-timer v3.0.4
       Fresh oorandom v11.1.5
       Fresh wiremock v0.6.5
       Fresh rand v0.10.2
       Fresh rpassword v7.5.4
       Fresh assert_cmd v2.2.2
       Fresh thiserror v2.0.20
       Fresh criterion v0.8.2
       Fresh rstest v0.26.1
       Fresh rsa v0.10.0-rc.18
       Fresh dbus-secret-service-keyring-store v1.0.1
       Fresh tokio-test v0.4.5
       Fresh reqwest v0.13.4
       Fresh ed25519-dalek v2.2.0
       Fresh anyhow v1.0.104
       Fresh getrandom v0.3.4
       Fresh directories v6.0.0
       Fresh hkdf v0.13.0
       Fresh pbkdf2 v0.13.0
       Fresh cbc v0.2.1
       Fresh aes v0.9.2
       Fresh fs4 v1.1.0
       Fresh tempfile v3.27.0
       Fresh base64 v0.23.1
       Fresh vaultwarden-cli v0.5.4 (/home/sixtocantolla/sessions/day-to-day/vaultwarden-contain-protected-child-processes)
    Finished `test` profile [unoptimized + debuginfo] target(s) in 0.86s
     Running `/home/sixtocantolla/sessions/day-to-day/vaultwarden-contain-protected-child-processes/target/debug/deps/vaultwarden_cli-e3f6bc7a555f4483 'adapters::supervisor::manager::tests'`

running 8 tests
test adapters::supervisor::manager::tests::incompatible_manager_versions_fail_closed ... ok
test adapters::supervisor::manager::tests::exact_typed_manager_contract_and_no_secret_properties ... ok
test adapters::supervisor::manager::tests::helper_environment_is_name_only_complete_and_recovery_stable ... ok
test adapters::supervisor::manager::tests::strict_ownership_namespace_and_random_names ... ok
test adapters::supervisor::manager::tests::proc_inventory_stops_at_the_entry_that_exhausts_the_remaining_budget ... ok
test adapters::supervisor::manager::tests::job_observation_discards_unrelated_churn ... ok
test adapters::supervisor::manager::tests::independent_reaping_observes_zombies_deleted_groups_and_subtrees ... ok
test adapters::supervisor::manager::tests::lease_publication_is_atomic_collision_safe_and_recovers_interrupted_staging ... ok

test result: ok. 8 passed; 0 failed; 0 ignored; 0 measured; 556 filtered out; finished in 0.08s


*** result: Success
