
running 394 tests
...........................................................i........................... 87/394
....................................................................................... 174/394
....................................................................................... 261/394
....................................................................................... 348/394
..............................................
test result: ok. 393 passed; 0 failed; 1 ignored; 0 measured; 0 filtered out; finished in 73.89s


running 7 tests
.......
test result: ok. 7 passed; 0 failed; 0 ignored; 0 measured; 0 filtered out; finished in 1.26s


running 34 tests
..................................
test result: ok. 34 passed; 0 failed; 0 ignored; 0 measured; 0 filtered out; finished in 4.25s


running 2 tests
..
test result: ok. 2 passed; 0 failed; 0 ignored; 0 measured; 0 filtered out; finished in 0.01s


running 21 tests
.....................
test result: ok. 21 passed; 0 failed; 0 ignored; 0 measured; 0 filtered out; finished in 1.84s


running 10 tests
..........
test result: ok. 10 passed; 0 failed; 0 ignored; 0 measured; 0 filtered out; finished in 0.10s


running 31 tests
.............................test unlock_fails_when_keys_cannot_be_persisted has been running for over 60 seconds
test unlock_reads_password_from_environment has been running for over 60 seconds
..
test result: ok. 31 passed; 0 failed; 0 ignored; 0 measured; 0 filtered out; finished in 87.26s


running 21 tests
.....................
test result: ok. 21 passed; 0 failed; 0 ignored; 0 measured; 0 filtered out; finished in 0.03s


running 1 test
.
test result: ok. 1 passed; 0 failed; 0 ignored; 0 measured; 0 filtered out; finished in 2.13s


running 2 tests
..
test result: ok. 2 passed; 0 failed; 0 ignored; 0 measured; 0 filtered out; finished in 0.03s


running 22 tests
......................
test result: ok. 22 passed; 0 failed; 0 ignored; 0 measured; 0 filtered out; finished in 14.94s


running 71 tests
.......................................................................
test result: ok. 71 passed; 0 failed; 0 ignored; 0 measured; 0 filtered out; finished in 0.18s


running 1 test
.
test result: ok. 1 passed; 0 failed; 0 ignored; 0 measured; 0 filtered out; finished in 0.00s


running 6 tests
......
test result: ok. 6 passed; 0 failed; 0 ignored; 0 measured; 0 filtered out; finished in 6.47s


running 23 tests
.......................
test result: ok. 23 passed; 0 failed; 0 ignored; 0 measured; 0 filtered out; finished in 0.67s

Testing command parsing matrix
Success

Testing filter search small
Success

Testing filter search medium
Success

Testing filter search large
Success

Testing import sync json small
Success

Testing export output json small
Success

Testing export env small
Success

Testing import sync json medium
Success

Testing export output json medium
Success

Testing export env medium
Success

Testing import sync json large
Success

Testing export output json large
Success

Testing export env large
Success
