   Compiling proc-macro2 v1.0.107
   Compiling unicode-ident v1.0.24
   Compiling quote v1.0.47
   Compiling libc v0.2.189
   Compiling syn v2.0.119
   Compiling syn v3.0.4
   Compiling cfg-if v1.0.4
   Compiling typenum v1.20.1
   Compiling find-msvc-tools v0.1.11
   Compiling shlex v2.0.1
   Compiling cc v1.4.4
   Compiling zeroize_derive v1.5.0
   Compiling pin-project-lite v0.2.17
   Compiling memchr v2.8.3
   Compiling zeroize v1.9.0
   Compiling synstructure v0.13.2
   Compiling rand_core v0.10.1
   Compiling version_check v0.9.5
   Compiling getrandom v0.4.3
   Compiling autocfg v1.5.1
   Compiling futures-core v0.3.34
   Compiling zerofrom-derive v0.1.7
   Compiling num-traits v0.2.19
   Compiling generic-array v0.14.7
   Compiling bytes v1.12.1
   Compiling yoke-derive v0.8.2
   Compiling zerofrom v0.1.8
   Compiling stable_deref_trait v1.2.1
   Compiling yoke v0.8.3
   Compiling hybrid-array v0.4.14
   Compiling errno v0.3.14
   Compiling itoa v1.0.18
   Compiling signal-hook-registry v1.4.8
   Compiling zerovec-derive v0.11.6
   Compiling tokio-macros v2.7.2
   Compiling socket2 v0.6.5
   Compiling mio v1.2.2
   Compiling futures-sink v0.3.34
   Compiling once_cell v1.21.4
   Compiling zerovec v0.11.8
   Compiling tokio v1.53.1
   Compiling displaydoc v0.2.7
   Compiling subtle v2.6.1
   Compiling slab v0.4.12
   Compiling const-oid v0.10.2
   Compiling futures-channel v0.3.34
   Compiling crypto-common v0.2.2
   Compiling crypto-common v0.1.7
   Compiling hashbrown v0.17.1
   Compiling serde_core v1.0.229
   Compiling cmov v0.5.4
   Compiling equivalent v1.0.2
   Compiling regex-syntax v0.8.11
   Compiling indexmap v2.14.0
   Compiling ctutils v0.4.2
   Compiling tinystr v0.8.4
   Compiling futures-macro v0.3.34
   Compiling litemap v0.8.3
   Compiling smallvec v1.15.2
   Compiling futures-io v0.3.34
   Compiling writeable v0.6.4
   Compiling futures-task v0.3.34
   Compiling icu_locale_core v2.3.0
   Compiling futures-util v0.3.34
   Compiling zerotrie v0.2.5
   Compiling potential_utf v0.1.6
   Compiling http v1.5.0
   Compiling ring v0.17.14
   Compiling semver v1.0.28
   Compiling serde v1.0.229
   Compiling icu_properties_data v2.3.0
   Compiling utf8_iter v1.0.4
   Compiling icu_normalizer_data v2.3.0
   Compiling icu_collections v2.3.0
   Compiling rustc_version v0.4.1
   Compiling icu_provider v2.3.1
   Compiling block-buffer v0.12.1
   Compiling block-buffer v0.10.4
   Compiling serde_derive v1.0.229
   Compiling percent-encoding v2.3.2
   Compiling zmij v1.0.23
   Compiling digest v0.10.7
   Compiling digest v0.11.3
   Compiling http-body v1.1.0
   Compiling tracing-core v0.1.36
   Compiling rustls-pki-types v1.15.1
   Compiling aho-corasick v1.1.5
   Compiling getrandom v0.2.17
   Compiling serde_json v1.0.151
   Compiling httparse v1.10.1
   Compiling untrusted v0.9.0
   Compiling cpufeatures v0.3.0
   Compiling regex-automata v0.4.18
   Compiling tracing v0.1.44
   Compiling icu_normalizer v2.3.0
   Compiling icu_properties v2.3.0
   Compiling tokio-util v0.7.19
   Compiling block-padding v0.3.3
   Compiling num-integer v0.1.47
   Compiling cpufeatures v0.2.17
   Compiling fnv v1.0.7
   Compiling pkg-config v0.3.34
   Compiling atomic-waker v1.1.2
   Compiling tower-service v0.3.3
   Compiling base64ct v1.8.3
   Compiling zerocopy v0.8.56
   Compiling try-lock v0.2.5
   Compiling anstyle v1.0.14
   Compiling rustls v0.23.43
   Compiling want v0.3.1
   Compiling libdbus-sys v0.2.7
   Compiling pem-rfc7468 v1.0.0
   Compiling h2 v0.4.19
   Compiling inout v0.1.4
   Compiling idna_adapter v1.2.2
   Compiling rustls-webpki v0.103.15
   Compiling form_urlencoded v1.2.2
   Compiling zerocopy-derive v0.8.56
   Compiling bitflags v2.13.1
   Compiling utf8parse v0.2.2
   Compiling log v0.4.34
   Compiling winnow v1.0.4
   Compiling httpdate v1.0.3
   Compiling hyper v1.11.0
   Compiling toml_parser v1.1.3+spec-1.1.0
   Compiling anstyle-parse v1.0.0
   Compiling idna v1.1.0
   Compiling cipher v0.4.4
   Compiling der v0.8.1
   Compiling num-bigint v0.4.8
   Compiling regex v1.13.1
   Compiling block-padding v0.4.2
   Compiling is_terminal_polyfill v1.70.2
   Compiling toml_datetime v1.1.1+spec-1.1.0
   Compiling rustix v1.1.4
   Compiling anstyle-query v1.1.5
   Compiling base64 v0.22.1
   Compiling colorchoice v1.0.5
   Compiling cpubits v0.1.1
   Compiling ipnet v2.12.1
   Compiling anstream v1.0.0
   Compiling hyper-util v0.1.20
   Compiling toml_edit v0.25.13+spec-1.1.0
   Compiling inout v0.2.2
   Compiling num-rational v0.4.2
   Compiling spki v0.8.0
   Compiling url v2.5.8
   Compiling half v2.7.1
   Compiling sha2 v0.10.9
   Compiling num-iter v0.1.46
   Compiling hmac v0.12.1
   Compiling curve25519-dalek v4.1.3
   Compiling rstest_macros v0.26.1
   Compiling num-complex v0.4.6
   Compiling sync_wrapper v1.0.2
   Compiling alloca v0.4.0
   Compiling heck v0.5.0
   Compiling tower-layer v0.3.3
   Compiling ciborium-io v0.2.2
   Compiling clap_lex v1.1.0
   Compiling either v1.18.0
   Compiling openssl-probe v0.2.1
   Compiling linux-raw-sys v0.12.1
   Compiling strsim v0.11.1
   Compiling fastrand v2.5.0
   Compiling predicates-core v1.0.10
   Compiling clap_builder v4.6.6
   Compiling rustls-native-certs v0.8.4
   Compiling itertools v0.13.0
   Compiling ciborium-ll v0.2.2
   Compiling tower v0.5.3
   Compiling clap_derive v4.6.4
   Compiling num v0.4.3
   Compiling hkdf v0.12.4
   Compiling dbus v0.9.12
   Compiling cipher v0.5.2
   Compiling proc-macro-crate v3.5.0
   Compiling crypto-bigint v0.7.5
   Compiling tokio-rustls v0.26.4
   Compiling cbc v0.1.2
   Compiling aes v0.8.4
   Compiling sha2 v0.11.0
   Compiling http-body-util v0.1.5
   Compiling hmac v0.13.0
   Compiling futures-executor v0.3.34
   Compiling float-cmp v0.10.0
   Compiling curve25519-dalek-derive v0.1.1
   Compiling num_cpus v1.17.0
   Compiling ryu v1.0.23
   Compiling thiserror v2.0.20
   Compiling signature v2.2.0
   Compiling lazy_static v1.5.0
   Compiling difflib v0.4.0
   Compiling glob v0.3.4
   Compiling relative-path v1.9.3
   Compiling cast v0.3.0
   Compiling assert_cmd v2.2.2
   Compiling getrandom v0.3.4
   Compiling deadpool-runtime v0.1.4
   Compiling option-ext v0.2.0
   Compiling same-file v1.0.6
   Compiling termtree v0.5.1
   Compiling normalize-line-endings v0.3.0
   Compiling anyhow v1.0.104
   Compiling predicates-tree v1.0.13
   Compiling predicates v3.1.4
   Compiling walkdir v2.5.0
   Compiling dirs-sys v0.5.0
   Compiling deadpool v0.12.3
   Compiling criterion-plot v0.8.2
   Compiling ed25519 v2.2.3
   Compiling serde_urlencoded v0.7.1
   Compiling futures v0.3.34
   Compiling dbus-secret-service v4.1.0
   Compiling hyper-rustls v0.27.9
   Compiling crypto-primes v0.7.2
   Compiling clap v4.6.6
   Compiling tower-http v0.6.11
   Compiling ciborium v0.2.2
   Compiling rustls-platform-verifier v0.7.0
   Compiling pkcs1 v0.8.0-rc.4
   Compiling pkcs8 v0.11.0
   Compiling keyring-core v1.0.0
   Compiling tinytemplate v1.2.1
   Compiling assert-json-diff v2.0.2
   Compiling bstr v1.13.1
   Compiling sha1 v0.11.0
   Compiling chacha20 v0.10.1
   Compiling signature v3.0.0
   Compiling tokio-stream v0.1.19
   Compiling thiserror-impl v2.0.20
   Compiling rtoolbox v0.0.6
   Compiling wait-timeout v0.2.1
   Compiling page_size v0.6.0
   Compiling oorandom v11.1.5
   Compiling futures-timer v3.0.4
   Compiling anes v0.1.6
   Compiling criterion v0.8.2
   Compiling rstest v0.26.1
   Compiling rpassword v7.5.4
   Compiling tokio-test v0.4.5
   Compiling rsa v0.10.0-rc.18
   Compiling rand v0.10.2
   Compiling wiremock v0.6.5
   Compiling dbus-secret-service-keyring-store v1.0.1
   Compiling reqwest v0.13.4
   Compiling ed25519-dalek v2.2.0
   Compiling directories v6.0.0
   Compiling pbkdf2 v0.13.0
   Compiling hkdf v0.13.0
   Compiling cbc v0.2.1
   Compiling aes v0.9.2
   Compiling fs4 v1.1.0
   Compiling tempfile v3.27.0
   Compiling base64 v0.23.1
   Compiling vaultwarden-cli v0.5.4 (/home/sixtocantolla/sessions/day-to-day/vaultwarden-cli-story-1-4)
    Finished `test` profile [unoptimized + debuginfo] target(s) in 13m 40s
     Running unittests src/lib.rs (/tmp/vw-story14-socket-target/debug/deps/vaultwarden_cli-bb956f24ffd0a3e7)

running 18 tests

thread '<unnamed>' (1873910) panicked at src/adapters/human_socket.rs:746:52:
synthetic worker failure
note: run with `RUST_BACKTRACE=1` environment variable to display a backtrace
test adapters::human_socket::tests::finished_successful_workers_release_capacity_without_failure ... ok
test adapters::human_socket::tests::connected_transport_descriptor_remains_close_on_exec ... ok
test adapters::human_socket::tests::empty_and_embedded_nul_paths_fail_before_connecting_a_valid_prefix ... ok
test adapters::human_socket::tests::isolated_descriptor_fixture ... ignored, isolated process fixture invoked by descriptor regression wrapper

thread '<unnamed>' (1873943) panicked at src/adapters/human_socket.rs:746:52:
synthetic worker failure

thread '<unnamed>' (1873944) panicked at src/adapters/human_socket.rs:746:52:
synthetic worker failure
test adapters::human_socket::tests::only_an_empty_nonblocking_accept_backlog_is_retryable ... ok
test adapters::human_socket::tests::any_panicked_worker_is_reported_while_running_workers_remain ... ok
test adapters::human_socket::tests::peer_credentials_require_success_and_complete_structure_independently ... ok
test adapters::human_socket::tests::full_live_listener_backlog_is_not_recovered_as_a_stale_socket ... ok
test adapters::human_socket::tests::oversized_path_is_rejected_before_kernel_truncation_can_connect ... ok
test adapters::human_socket::tests::socket_lookup_allows_only_missing_and_rejects_other_errors_before_bind ... ok
test adapters::human_socket::tests::private_boundary_rejects_unsafe_root_socket_symlink_and_active_listener ... ok
test adapters::human_socket::tests::stale_socket_rebinds_and_drop_preserves_replacement_inode ... ok
test adapters::human_socket::tests::uid_and_private_metadata_reject_each_independent_wrong_condition ... ok
test adapters::human_socket::tests::frames_require_eof_reject_oversize_and_bound_slow_input_time ... ok
test adapters::human_socket::tests::descriptor_exhaustion_and_valid_zero_are_isolated_in_child_processes ... ok
test adapters::human_socket::tests::literal_two_mebibyte_frame_boundary_is_independent_of_production_constant ... ok
test adapters::human_socket::tests::actual_socket_authenticates_kernel_peer_rejects_input_and_cleans_up ... ok
test adapters::human_socket::tests::client_allows_desktop_handoff_longer_than_hostile_input_deadline ... ok

test result: ok. 17 passed; 0 failed; 1 ignored; 0 measured; 405 filtered out; finished in 2.17s
