node:internal/modules/run_main:107
    triggerUncaughtException(
    ^

AssertionError [ERR_ASSERTION]: Expected values to be strictly deep-equal:
+ actual - expected

  {
+   details: 12,
-   details: 0,
    sameNodes: true,
    status: 0
  }

    at file:///tmp/vw-story14-browser-review-00ny_y3j/tests/ui/direct-request.mjs:67:10 {
  generatedMessage: true,
  code: 'ERR_ASSERTION',
  actual: { sameNodes: true, details: 12, status: 0 },
  expected: { sameNodes: true, details: 0, status: 0 },
  operator: 'deepStrictEqual',
  diff: 'simple'
}

Node.js v26.3.1
